[personplaceorthingontv.com/index.html]
[backblue.gif]
[fade.gif]
[index.html]
[personplaceorthingontv.com/wp/wp-includes/js/jquery/jquery.minf43b.js]
[personplaceorthingontv.com/app/themes/personplaceorthing/public/css/app.0294e9.css]
[personplaceorthingontv.com/wp/wp-includes/js/jquery/jquery-migrate.min5589.js]
[kit.fontawesome.com/3106eacc42.css]
[js.hcaptcha.com/1/apifef7.js]
[personplaceorthingontv.com/app/themes/personplaceorthing/public/images/hero-host.c39292.png]
[i.ytimg.com/vi/rWmVbl4FhlQ/maxresdefault.jpg]
[i.ytimg.com/vi/jDgYzlqe4UU/maxresdefault.jpg]
[i.ytimg.com/vi/ZfcilKP1Ugc/maxresdefault.jpg]
[i.ytimg.com/vi/uk_9Lo0hCSo/maxresdefault.jpg]
[i.ytimg.com/vi/-XjlrGO2eeM/maxresdefault.jpg]
[i.ytimg.com/vi/Eq4Kn_oN8vw/maxresdefault.jpg]
[i.ytimg.com/vi/OE_imsVDL_Y/maxresdefault.jpg]
[i.ytimg.com/vi/oBuIcW1Pu60/maxresdefault.jpg]
[personplaceorthingontv.com/app/themes/personplaceorthing/public/images/contestant-host.b62ac4.png]
[personplaceorthingontv.com/app/themes/personplaceorthing/public/images/contestant-bird.e1b3b6.png]
[personplaceorthingontv.com/app/themes/personplaceorthing/public/images/ppot_map.24a898.png]
[personplaceorthingontv.com/app/themes/personplaceorthing/public/images/georgia-footer.6387d7.png]
[personplaceorthingontv.com/index.html]
[personplaceorthingontv.com/app/themes/personplaceorthing/public/js/app.b837d5.js]
[personplaceorthingontv.com/app/themes/personplaceorthing/public/fonts/icomoon.8a6f4ed248.woff2]
[personplaceorthingontv.com/sponsors/index.html]
[personplaceorthingontv.com/app/themes/personplaceorthing/public/fonts/icomoon.5dfe5dd248.eot]
[personplaceorthingontv.com/app/themes/personplaceorthing/public/fonts/icomoon.2793c1d248.ttf]
[personplaceorthingontv.com/app/themes/personplaceorthing/public/fonts/icomoon.101c2fd248.woff]
[personplaceorthingontv.com/app/themes/personplaceorthing/node_modules/slick-carousel/slick/ajax-loader.0b80f6.gif]
[personplaceorthingontv.com/app/themes/personplaceorthing/public/fonts/icomoon.86da4dd248.svg]
[personplaceorthingontv.com/app/themes/personplaceorthing/node_modules/slick-carousel/slick/fonts/slick.25572f.eot]
[personplaceorthingontv.com/app/themes/personplaceorthing/node_modules/slick-carousel/slick/fonts/slick.25572fd41d.eot]
[personplaceorthingontv.com/app/themes/personplaceorthing/node_modules/slick-carousel/slick/fonts/slick.653a4c.woff]
[personplaceorthingontv.com/app/themes/personplaceorthing/node_modules/slick-carousel/slick/fonts/slick.6aa1ee.ttf]
[personplaceorthingontv.com/app/themes/personplaceorthing/node_modules/slick-carousel/slick/fonts/slick.f895cf.svg]
[personplaceorthingontv.com/app/themes/personplaceorthing/public/images/front-header-bg.4a847fb24bdfb155.jpg]
[personplaceorthingontv.com/app/themes/personplaceorthing/public/images/player-background.9ef2f5d4d394f763.jpg]
[personplaceorthingontv.com/app/themes/personplaceorthing/public/images/contestant-bg.d2717c18714582cc.jpg]
[personplaceorthingontv.com/app/themes/personplaceorthing/public/images/blue-glow.488a8f.svg]
[personplaceorthingontv.com/app/themes/personplaceorthing/public/images/ppot-bg-pattern.ac0fa2b8e0f46af6.png]
[personplaceorthingontv.com/app/themes/personplaceorthing/public/css/app.0294e9.css]
[kit.fontawesome.com/3106eacc42.css]
[www.googletagmanager.com/gtm5445.html]
[ka-p.fontawesome.com/releases/v6.7.2/css/pro.min9e82.css]
[personplaceorthingontv.com/app/uploads/2024/09/philips.jpg]
[personplaceorthingontv.com/app/uploads/2024/09/marley-spoon.jpg]
[personplaceorthingontv.com/app/uploads/2024/09/bartesian.jpg]
[personplaceorthingontv.com/app/uploads/2024/09/tempo.jpg]
[personplaceorthingontv.com/sponsors/index.html]
[personplaceorthingontv.com/app/themes/personplaceorthing/public/fonts/icomoon.86da4dd248.svg]
[personplaceorthingontv.com/app/themes/personplaceorthing/node_modules/slick-carousel/slick/ajax-loader.0b80f6.html]
[personplaceorthingontv.com/app/themes/personplaceorthing/node_modules/slick-carousel/slick/fonts/slick.25572f.html]
[personplaceorthingontv.com/app/themes/personplaceorthing/node_modules/slick-carousel/slick/fonts/slick.25572fd41d.html]
[personplaceorthingontv.com/app/themes/personplaceorthing/node_modules/slick-carousel/slick/fonts/slick.653a4c.html]
[personplaceorthingontv.com/app/themes/personplaceorthing/node_modules/slick-carousel/slick/fonts/slick.6aa1ee.html]
[personplaceorthingontv.com/app/themes/personplaceorthing/node_modules/slick-carousel/slick/fonts/slick.f895cf.html]
[personplaceorthingontv.com/app/themes/personplaceorthing/public/images/blue-glow.488a8f.svg]
[ka-p.fontawesome.com/releases/v6.7.2/css/pro.min9e82.css]
